

================================================================
== Vitis HLS Report for 'pwm'
================================================================
* Date:           Tue May 11 18:41:40 2021

* Version:        2020.2 (Build 3064766 on Wed Nov 18 09:12:47 MST 2020)
* Project:        pwm
* Solution:       solution1 (Vivado IP Flow Target)
* Product family: zynquplus
* Target device:  xczu49dr-ffvf1760-2-e


================================================================
== Performance Estimates
================================================================
+ Timing: 
    * Summary: 
    +--------+----------+----------+------------+
    |  Clock |  Target  | Estimated| Uncertainty|
    +--------+----------+----------+------------+
    |ap_clk  |  10.00 ns|  1.942 ns|     2.70 ns|
    +--------+----------+----------+------------+

+ Latency: 
    * Summary: 
    +---------+---------+----------+----------+-----+-----+---------+
    |  Latency (cycles) |  Latency (absolute) |  Interval | Pipeline|
    |   min   |   max   |    min   |    max   | min | max |   Type  |
    +---------+---------+----------+----------+-----+-----+---------+
    |        0|        0|      0 ns|      0 ns|    1|    1|     none|
    +---------+---------+----------+----------+-----+-----+---------+

    + Detail: 
        * Instance: 
        N/A

        * Loop: 
        N/A



================================================================
== Utilization Estimates
================================================================
* Summary: 
+-----------------+---------+------+--------+--------+-----+
|       Name      | BRAM_18K|  DSP |   FF   |   LUT  | URAM|
+-----------------+---------+------+--------+--------+-----+
|DSP              |        -|     -|       -|       -|    -|
|Expression       |        -|     -|       0|     129|    -|
|FIFO             |        -|     -|       -|       -|    -|
|Instance         |        -|     -|       -|       -|    -|
|Memory           |        -|     -|       -|       -|    -|
|Multiplexer      |        -|     -|       -|      88|    -|
|Register         |        -|     -|     131|       -|    -|
+-----------------+---------+------+--------+--------+-----+
|Total            |        0|     0|     131|     217|    0|
+-----------------+---------+------+--------+--------+-----+
|Available        |     2160|  4272|  850560|  425280|   80|
+-----------------+---------+------+--------+--------+-----+
|Utilization (%)  |        0|     0|      ~0|      ~0|    0|
+-----------------+---------+------+--------+--------+-----+

+ Detail: 
    * Instance: 
    N/A

    * DSP: 
    N/A

    * Memory: 
    N/A

    * FIFO: 
    N/A

    * Expression: 
    +---------------------+----------+----+---+----+------------+------------+
    |    Variable Name    | Operation| DSP| FF| LUT| Bitwidth P0| Bitwidth P1|
    +---------------------+----------+----+---+----+------------+------------+
    |grp_fu_167_p2        |         +|   0|  0|  71|          64|           1|
    |icmp_ln45_fu_207_p2  |      icmp|   0|  0|  29|          64|          64|
    |icmp_ln61_fu_197_p2  |      icmp|   0|  0|  29|          64|          64|
    +---------------------+----------+----+---+----+------------+------------+
    |Total                |          |   0|  0| 129|         192|         129|
    +---------------------+----------+----+---+----+------------+------------+

    * Multiplexer: 
    +-------------------------------------+----+-----------+-----+-----------+
    |                 Name                | LUT| Input Size| Bits| Total Bits|
    +-------------------------------------+----+-----------+-----+-----------+
    |ap_phi_mux_end_local_phi_fu_131_p18  |  14|          3|    1|          3|
    |ap_phi_mux_next_state_phi_fu_99_p18  |  26|          5|    2|         10|
    |ap_sig_allocacmp_count_next_load     |  20|          4|   64|        256|
    |count_next                           |  14|          3|   64|        192|
    |pwm_out                              |  14|          3|    1|          3|
    +-------------------------------------+----+-----------+-----+-----------+
    |Total                                |  88|         18|  132|        464|
    +-------------------------------------+----+-----------+-----+-----------+

    * Register: 
    +------------+----+----+-----+-----------+
    |    Name    | FF | LUT| Bits| Const Bits|
    +------------+----+----+-----+-----------+
    |ap_CS_fsm   |   1|   0|    1|          0|
    |count       |  64|   0|   64|          0|
    |count_next  |  64|   0|   64|          0|
    |state       |   2|   0|    2|          0|
    +------------+----+----+-----+-----------+
    |Total       | 131|   0|  131|          0|
    +------------+----+----+-----+-----------+



================================================================
== Interface
================================================================
* Summary: 
+-------------+-----+-----+--------------+--------------+--------------+
|  RTL Ports  | Dir | Bits|   Protocol   | Source Object|    C Type    |
+-------------+-----+-----+--------------+--------------+--------------+
|ap_clk       |   in|    1|  ap_ctrl_none|           pwm|  return value|
|ap_rst       |   in|    1|  ap_ctrl_none|           pwm|  return value|
|start_r      |   in|    1|       ap_none|       start_r|        scalar|
|per_cycles   |   in|   32|       ap_none|    per_cycles|        scalar|
|cycles_high  |   in|   32|       ap_none|   cycles_high|        scalar|
|hold         |   in|    1|       ap_none|          hold|        scalar|
|pwm_out      |  out|    1|       ap_none|       pwm_out|       pointer|
|end_r        |  out|    1|       ap_none|         end_r|       pointer|
+-------------+-----+-----+--------------+--------------+--------------+

