#-----------------------------------------------------------
# Webtalk v2020.2 (64-bit)
# SW Build 3064766 on Wed Nov 18 09:12:47 MST 2020
# IP Build 3064653 on Wed Nov 18 14:17:31 MST 2020
# Start of session at: Thu Apr 15 19:03:39 2021
# Process ID: 198998
# Current directory: /home/mxmont/Documents/Universidad/TESIS/ChipVerification/HLS/part2/LAB2/DFF_REG/solution1/sim/verilog
# Command line: wbtcv -mode batch -source /home/mxmont/Documents/Universidad/TESIS/ChipVerification/HLS/part2/LAB2/DFF_REG/solution1/sim/verilog/xsim.dir/DFF_REG/webtalk/xsim_webtalk.tcl -notrace
# Log file: /home/mxmont/Documents/Universidad/TESIS/ChipVerification/HLS/part2/LAB2/DFF_REG/solution1/sim/verilog/webtalk.log
# Journal file: /home/mxmont/Documents/Universidad/TESIS/ChipVerification/HLS/part2/LAB2/DFF_REG/solution1/sim/verilog/webtalk.jou
#-----------------------------------------------------------
source /home/mxmont/Documents/Universidad/TESIS/ChipVerification/HLS/part2/LAB2/DFF_REG/solution1/sim/verilog/xsim.dir/DFF_REG/webtalk/xsim_webtalk.tcl -notrace
